###############################################################################
#
# IAR ELF Linker V7.70.1.11437/W32 for ARM                07/Jan/2021  11:54:14
# Copyright 2007-2016 IAR Systems AB.
#
#    Output file  =  
#        C:\Users\subong\Desktop\can\TEST\TEST_SVMBOX\EWARM\TEST_SVMBOX\Exe\TEST_SVMBOX.out
#    Map file     =  
#        C:\Users\subong\Desktop\can\TEST\TEST_SVMBOX\EWARM\TEST_SVMBOX\List\TEST_SVMBOX.map
#    Command line =  
#        C:\Users\subong\Desktop\can\TEST\TEST_SVMBOX\EWARM\TEST_SVMBOX\Obj\can.o
#        C:\Users\subong\Desktop\can\TEST\TEST_SVMBOX\EWARM\TEST_SVMBOX\Obj\main.o
#        C:\Users\subong\Desktop\can\TEST\TEST_SVMBOX\EWARM\TEST_SVMBOX\Obj\startup_stm32f042x6.o
#        C:\Users\subong\Desktop\can\TEST\TEST_SVMBOX\EWARM\TEST_SVMBOX\Obj\stm32f0xx_hal.o
#        C:\Users\subong\Desktop\can\TEST\TEST_SVMBOX\EWARM\TEST_SVMBOX\Obj\stm32f0xx_hal_can.o
#        C:\Users\subong\Desktop\can\TEST\TEST_SVMBOX\EWARM\TEST_SVMBOX\Obj\stm32f0xx_hal_cortex.o
#        C:\Users\subong\Desktop\can\TEST\TEST_SVMBOX\EWARM\TEST_SVMBOX\Obj\stm32f0xx_hal_dma.o
#        C:\Users\subong\Desktop\can\TEST\TEST_SVMBOX\EWARM\TEST_SVMBOX\Obj\stm32f0xx_hal_exti.o
#        C:\Users\subong\Desktop\can\TEST\TEST_SVMBOX\EWARM\TEST_SVMBOX\Obj\stm32f0xx_hal_flash.o
#        C:\Users\subong\Desktop\can\TEST\TEST_SVMBOX\EWARM\TEST_SVMBOX\Obj\stm32f0xx_hal_flash_ex.o
#        C:\Users\subong\Desktop\can\TEST\TEST_SVMBOX\EWARM\TEST_SVMBOX\Obj\stm32f0xx_hal_gpio.o
#        C:\Users\subong\Desktop\can\TEST\TEST_SVMBOX\EWARM\TEST_SVMBOX\Obj\stm32f0xx_hal_i2c.o
#        C:\Users\subong\Desktop\can\TEST\TEST_SVMBOX\EWARM\TEST_SVMBOX\Obj\stm32f0xx_hal_i2c_ex.o
#        C:\Users\subong\Desktop\can\TEST\TEST_SVMBOX\EWARM\TEST_SVMBOX\Obj\stm32f0xx_hal_msp.o
#        C:\Users\subong\Desktop\can\TEST\TEST_SVMBOX\EWARM\TEST_SVMBOX\Obj\stm32f0xx_hal_pwr.o
#        C:\Users\subong\Desktop\can\TEST\TEST_SVMBOX\EWARM\TEST_SVMBOX\Obj\stm32f0xx_hal_pwr_ex.o
#        C:\Users\subong\Desktop\can\TEST\TEST_SVMBOX\EWARM\TEST_SVMBOX\Obj\stm32f0xx_hal_rcc.o
#        C:\Users\subong\Desktop\can\TEST\TEST_SVMBOX\EWARM\TEST_SVMBOX\Obj\stm32f0xx_hal_rcc_ex.o
#        C:\Users\subong\Desktop\can\TEST\TEST_SVMBOX\EWARM\TEST_SVMBOX\Obj\stm32f0xx_hal_tim.o
#        C:\Users\subong\Desktop\can\TEST\TEST_SVMBOX\EWARM\TEST_SVMBOX\Obj\stm32f0xx_hal_tim_ex.o
#        C:\Users\subong\Desktop\can\TEST\TEST_SVMBOX\EWARM\TEST_SVMBOX\Obj\stm32f0xx_it.o
#        C:\Users\subong\Desktop\can\TEST\TEST_SVMBOX\EWARM\TEST_SVMBOX\Obj\system_stm32f0xx.o
#        --redirect _Printf=_PrintfFull --redirect _Scanf=_ScanfFull -o
#        C:\Users\subong\Desktop\can\TEST\TEST_SVMBOX\EWARM\TEST_SVMBOX\Exe\TEST_SVMBOX.out
#        --map
#        C:\Users\subong\Desktop\can\TEST\TEST_SVMBOX\EWARM\TEST_SVMBOX\List\TEST_SVMBOX.map
#        --config
#        C:\Users\subong\Desktop\can\TEST\TEST_SVMBOX\EWARM/stm32f042x6_flash.icf
#        --semihosting --entry __iar_program_start --vfe
#
###############################################################################

*******************************************************************************
*** RUNTIME MODEL ATTRIBUTES
***

CppFlavor       = *
__SystemLibrary = DLib


*******************************************************************************
*** PLACEMENT SUMMARY
***

"A0":  place at 0x08000000 { ro section .intvec };
"P1":  place in [from 0x08000000 to 0x08007fff] { ro };
"P2":  place in [from 0x20000000 to 0x200017ff] { rw, block CSTACK, block HEAP };
initialize by copy { rw };

  Section            Kind        Address    Size  Object
  -------            ----        -------    ----  ------
"A0":                                       0xc0
  .intvec            ro code  0x08000000    0xc0  startup_stm32f042x6.o [1]
                            - 0x080000c0    0xc0

"P1":                                     0x1b3a
  .text              ro code  0x080000c0   0x8b4  stm32f0xx_hal_can.o [1]
  .text              ro code  0x08000974     0xc  stm32f0xx_hal.o [1]
  .text              ro code  0x08000980     0x2  stm32f0xx_hal_can.o [1]
  .text              ro code  0x08000982     0x2  stm32f0xx_hal_can.o [1]
  .text              ro code  0x08000984     0x2  stm32f0xx_hal_can.o [1]
  .text              ro code  0x08000986     0x2  stm32f0xx_hal_can.o [1]
  .text              ro code  0x08000988     0x2  stm32f0xx_hal_can.o [1]
  .text              ro code  0x0800098a     0x2  stm32f0xx_hal_can.o [1]
  .text              ro code  0x0800098c     0x2  stm32f0xx_hal_can.o [1]
  .text              ro code  0x0800098e     0x2  startup_stm32f042x6.o [1]
  .text              ro code  0x08000990   0x220  can.o [1]
  .text              ro code  0x08000bb0     0x2  stm32f0xx_hal_can.o [1]
  .text              ro code  0x08000bb2     0x2  stm32f0xx_hal_can.o [1]
  .text              ro code  0x08000bb4     0x2  stm32f0xx_hal_can.o [1]
  .text              ro code  0x08000bb6     0x2  stm32f0xx_hal_can.o [1]
  .text              ro code  0x08000bb8     0x2  stm32f0xx_hal_can.o [1]
  .text              ro code  0x08000bba     0x2  startup_stm32f042x6.o [1]
  .text              ro code  0x08000bbc   0x1fc  stm32f0xx_hal_gpio.o [1]
  .text              ro code  0x08000db8   0x13e  main.o [1]
  .text              ro code  0x08000ef6     0x2  startup_stm32f042x6.o [1]
  .text              ro code  0x08000ef8    0x2c  stm32f0xx_hal.o [1]
  .text              ro code  0x08000f24   0x114  stm32f0xx_hal_cortex.o [1]
  .text              ro code  0x08001038    0x20  stm32f0xx_hal.o [1]
  .text              ro code  0x08001058    0x34  ABImemset.o [4]
  .text              ro code  0x0800108c   0x800  stm32f0xx_hal_rcc.o [1]
  .text              ro code  0x0800188c    0x50  stm32f0xx_hal.o [1]
  .text              ro code  0x080018dc    0x44  stm32f0xx_hal_msp.o [1]
  .text              ro code  0x08001920    0x34  ABImemcpy.o [4]
  .text              ro code  0x08001954    0xae  I32DivModFast.o [4]
  .text              ro code  0x08001a02     0x2  startup_stm32f042x6.o [1]
  .text              ro code  0x08001a04     0x2  IntDivZer.o [4]
  .text              ro code  0x08001a06     0x2  startup_stm32f042x6.o [1]
  .text              ro code  0x08001a08    0x3c  startup_stm32f042x6.o [1]
  .text              ro code  0x08001a44    0x3c  zero_init3.o [4]
  .text              ro code  0x08001a80    0x30  copy_init3.o [4]
  .text              ro code  0x08001ab0    0x28  data_init.o [4]
  .text              ro code  0x08001ad8    0x24  stm32f0xx_it.o [1]
  .text              ro code  0x08001afc    0x18  stm32f0xx_hal.o [1]
  .iar.init_table    const    0x08001b14    0x24  - Linker created -
  .text              ro code  0x08001b38    0x1a  cmain.o [4]
  .text              ro code  0x08001b52     0x4  low_level_init.o [3]
  .text              ro code  0x08001b56     0x8  exit.o [3]
  .text              ro code  0x08001b5e     0x2  startup_stm32f042x6.o [1]
  .text              ro code  0x08001b60     0xa  cexit.o [4]
  .text              ro code  0x08001b6a     0x2  startup_stm32f042x6.o [1]
  .text              ro code  0x08001b6c    0x14  exit.o [5]
  .rodata            const    0x08001b80    0x10  stm32f0xx_hal_rcc.o [1]
  .rodata            const    0x08001b90    0x10  stm32f0xx_hal_rcc.o [1]
  .rodata            const    0x08001ba0    0x10  system_stm32f0xx.o [1]
  .text              ro code  0x08001bb0     0xc  cstartup_M.o [4]
  Initializer bytes  const    0x08001bbc     0xc  <for P2-1>
  .text              ro code  0x08001bc8     0x2  startup_stm32f042x6.o [1]
  .rodata            const    0x08001bcc     0x8  can.o [1]
  .text              ro code  0x08001bd4     0x2  startup_stm32f042x6.o [1]
  .text              ro code  0x08001bd6     0x2  startup_stm32f042x6.o [1]
  .text              ro code  0x08001bd8     0x2  startup_stm32f042x6.o [1]
  .text              ro code  0x08001bda     0x2  startup_stm32f042x6.o [1]
  .text              ro code  0x08001bdc     0x2  startup_stm32f042x6.o [1]
  .text              ro code  0x08001bde     0x2  startup_stm32f042x6.o [1]
  .text              ro code  0x08001be0     0x2  startup_stm32f042x6.o [1]
  .text              ro code  0x08001be2     0x2  startup_stm32f042x6.o [1]
  .text              ro code  0x08001be4     0x2  startup_stm32f042x6.o [1]
  .text              ro code  0x08001be6     0x2  startup_stm32f042x6.o [1]
  .text              ro code  0x08001be8     0x2  startup_stm32f042x6.o [1]
  .text              ro code  0x08001bea     0x2  startup_stm32f042x6.o [1]
  .text              ro code  0x08001bec     0x2  startup_stm32f042x6.o [1]
  .text              ro code  0x08001bee     0x2  startup_stm32f042x6.o [1]
  .text              ro code  0x08001bf0     0x2  startup_stm32f042x6.o [1]
  .text              ro code  0x08001bf2     0x2  startup_stm32f042x6.o [1]
  .text              ro code  0x08001bf4     0x2  startup_stm32f042x6.o [1]
  .text              ro code  0x08001bf6     0x2  startup_stm32f042x6.o [1]
  .text              ro code  0x08001bf8     0x2  system_stm32f0xx.o [1]
  .rodata            const    0x08001bfa     0x0  zero_init3.o [4]
  .rodata            const    0x08001bfa     0x0  copy_init3.o [4]
                            - 0x08001bfa  0x1b3a

"P2", part 1 of 3:                           0xc
  P2-1                        0x20000000     0x9  <Init block>
    .data            inited   0x20000000     0x4  stm32f0xx_hal.o [1]
    .data            inited   0x20000004     0x4  system_stm32f0xx.o [1]
    .data            inited   0x20000008     0x1  stm32f0xx_hal.o [1]
                            - 0x20000009     0x9

"P2", part 2 of 3:                         0x400
  CSTACK                      0x20000010   0x400  <Block>
    CSTACK           uninit   0x20000010   0x400  <Block tail>
                            - 0x20000410   0x400

"P2", part 3 of 3:                          0x68
  .bss               zero     0x20000410    0x28  can.o [1]
  .bss               zero     0x20000438    0x1c  can.o [1]
  .bss               zero     0x20000454    0x18  can.o [1]
  .bss               zero     0x2000046c     0x4  can.o [1]
  .bss               zero     0x20000470     0x4  can.o [1]
  .bss               zero     0x20000474     0x4  stm32f0xx_hal.o [1]
                            - 0x20000478    0x68


*******************************************************************************
*** INIT TABLE
***

          Address     Size
          -------     ----
Zero (__iar_zero_init3)
    1 destination range, total size 0x68:
          0x20000410  0x68

Copy (__iar_copy_init3)
    1 source range, total size 0xc (133% of destination):
          0x08001bbc   0xc
    1 destination range, total size 0x9:
          0x20000000   0x9



*******************************************************************************
*** MODULE SUMMARY
***

    Module                  ro code  ro data  rw data
    ------                  -------  -------  -------
C:\Users\subong\Desktop\can\TEST\TEST_SVMBOX\EWARM\TEST_SVMBOX\Obj: [1]
    can.o                       544        8      100
    main.o                      318
    startup_stm32f042x6.o       304
    stm32f0xx_hal.o             192        5        9
    stm32f0xx_hal_can.o       2 252
    stm32f0xx_hal_cortex.o      276
    stm32f0xx_hal_gpio.o        508
    stm32f0xx_hal_msp.o          68
    stm32f0xx_hal_rcc.o       2 048       32
    stm32f0xx_it.o               36
    system_stm32f0xx.o            2       20        4
    -------------------------------------------------
    Total:                    6 548       65      113

command line: [2]
    -------------------------------------------------
    Total:

dl6M_tlf.a: [3]
    exit.o                        8
    low_level_init.o              4
    -------------------------------------------------
    Total:                       12

rt6M_tl.a: [4]
    ABImemcpy.o                  52
    ABImemset.o                  52
    I32DivModFast.o             174
    IntDivZer.o                   2
    cexit.o                      10
    cmain.o                      26
    copy_init3.o                 48
    cstartup_M.o                 12
    data_init.o                  40
    zero_init3.o                 60
    -------------------------------------------------
    Total:                      476

shb_l.a: [5]
    exit.o                       20
    -------------------------------------------------
    Total:                       20

    Gaps                                   2
    Linker created                        39    1 024
-----------------------------------------------------
    Grand Total:              7 056      106    1 137


*******************************************************************************
*** ENTRY LIST
***

Entry                      Address   Size  Type      Object
-----                      -------   ----  ----      ------
.iar.init_table$$Base   0x08001b14          --   Gb  - Linker created -
.iar.init_table$$Limit  0x08001b38          --   Gb  - Linker created -
?main                   0x08001b39         Code  Gb  cmain.o [4]
AHBPrescTable           0x08001ba0   0x10  Data  Gb  system_stm32f0xx.o [1]
CAN_Pin_Init            0x08000991   0xaa  Code  Gb  can.o [1]
CEC_CAN_IRQHandler      0x08001aed    0xa  Code  Gb  stm32f0xx_it.o [1]
CSTACK$$Base            0x20000010          --   Gb  - Linker created -
CSTACK$$Limit           0x20000410          --   Gb  - Linker created -
CanHandle               0x20000410   0x28  Data  Gb  can.o [1]
Error_Handler           0x08000ef3    0x4  Code  Gb  main.o [1]
Gpio_Initpin            0x08000e41   0x52  Code  Gb  main.o [1]
Gpio_Syson              0x08000e9d   0x48  Code  Gb  main.o [1]
HAL_CAN_ActivateNotification
                        0x080006f7   0x30  Code  Gb  stm32f0xx_hal_can.o [1]
HAL_CAN_AddTxMessage    0x080003e1  0x148  Code  Gb  stm32f0xx_hal_can.o [1]
HAL_CAN_ConfigFilter    0x08000231  0x150  Code  Gb  stm32f0xx_hal_can.o [1]
HAL_CAN_ErrorCallback   0x08000bb9    0x2  Code  Wk  stm32f0xx_hal_can.o [1]
HAL_CAN_GetRxMessage    0x0800055f  0x198  Code  Gb  stm32f0xx_hal_can.o [1]
HAL_CAN_GetTxMailboxesFreeLevel
                        0x08000529   0x36  Code  Gb  stm32f0xx_hal_can.o [1]
HAL_CAN_IRQHandler      0x08000727  0x24c  Code  Gb  stm32f0xx_hal_can.o [1]
HAL_CAN_Init            0x080000c1  0x170  Code  Gb  stm32f0xx_hal_can.o [1]
HAL_CAN_MspInit         0x08000973    0x2  Code  Wk  stm32f0xx_hal_can.o [1]
HAL_CAN_RxFifo0FullCallback
                        0x0800098d    0x2  Code  Wk  stm32f0xx_hal_can.o [1]
HAL_CAN_RxFifo0MsgPendingCallback
                        0x08000b17   0x2a  Code  Gb  can.o [1]
HAL_CAN_RxFifo1FullCallback
                        0x08000bb1    0x2  Code  Wk  stm32f0xx_hal_can.o [1]
HAL_CAN_RxFifo1MsgPendingCallback
                        0x08000bb3    0x2  Code  Wk  stm32f0xx_hal_can.o [1]
HAL_CAN_SleepCallback   0x08000bb5    0x2  Code  Wk  stm32f0xx_hal_can.o [1]
HAL_CAN_Start           0x08000381   0x60  Code  Gb  stm32f0xx_hal_can.o [1]
HAL_CAN_TxMailbox0AbortCallback
                        0x08000983    0x2  Code  Wk  stm32f0xx_hal_can.o [1]
HAL_CAN_TxMailbox0CompleteCallback
                        0x08000981    0x2  Code  Wk  stm32f0xx_hal_can.o [1]
HAL_CAN_TxMailbox1AbortCallback
                        0x08000987    0x2  Code  Wk  stm32f0xx_hal_can.o [1]
HAL_CAN_TxMailbox1CompleteCallback
                        0x08000985    0x2  Code  Wk  stm32f0xx_hal_can.o [1]
HAL_CAN_TxMailbox2AbortCallback
                        0x0800098b    0x2  Code  Wk  stm32f0xx_hal_can.o [1]
HAL_CAN_TxMailbox2CompleteCallback
                        0x08000989    0x2  Code  Wk  stm32f0xx_hal_can.o [1]
HAL_CAN_WakeUpFromRxMsgCallback
                        0x08000bb7    0x2  Code  Wk  stm32f0xx_hal_can.o [1]
HAL_Delay               0x08000ef9   0x2c  Code  Wk  stm32f0xx_hal.o [1]
HAL_GPIO_Init           0x08000bbd  0x1c8  Code  Gb  stm32f0xx_hal_gpio.o [1]
HAL_GPIO_WritePin       0x08000d85   0x14  Code  Gb  stm32f0xx_hal_gpio.o [1]
HAL_GetTick             0x08000975    0xc  Code  Wk  stm32f0xx_hal.o [1]
HAL_IncTick             0x08001afd   0x18  Code  Wk  stm32f0xx_hal.o [1]
HAL_Init                0x08001039   0x1c  Code  Gb  stm32f0xx_hal.o [1]
HAL_InitTick            0x0800188d   0x50  Code  Wk  stm32f0xx_hal.o [1]
HAL_MspInit             0x080018dd   0x44  Code  Gb  stm32f0xx_hal_msp.o [1]
HAL_NVIC_EnableIRQ      0x08001005    0xe  Code  Gb  stm32f0xx_hal_cortex.o [1]
HAL_NVIC_SetPriority    0x08000ff1   0x14  Code  Gb  stm32f0xx_hal_cortex.o [1]
HAL_RCC_ClockConfig     0x08001649  0x14a  Code  Gb  stm32f0xx_hal_rcc.o [1]
HAL_RCC_GetSysClockFreq
                        0x080017a9   0xb4  Code  Gb  stm32f0xx_hal_rcc.o [1]
HAL_RCC_OscConfig       0x0800108d  0x5aa  Code  Gb  stm32f0xx_hal_rcc.o [1]
HAL_SYSTICK_Config      0x08001013    0xc  Code  Gb  stm32f0xx_hal_cortex.o [1]
HardFault_Handler       0x08001add    0x4  Code  Gb  stm32f0xx_it.o [1]
MX_GPIO_Init            0x08000ee5    0xe  Code  Gb  main.o [1]
NMI_Handler             0x08001ad9    0x4  Code  Gb  stm32f0xx_it.o [1]
PendSV_Handler          0x08001ae3    0x2  Code  Gb  stm32f0xx_it.o [1]
Region$$Table$$Base     0x08001b14          --   Gb  - Linker created -
Region$$Table$$Limit    0x08001b38          --   Gb  - Linker created -
RxMessage               0x20000438   0x1c  Data  Gb  can.o [1]
SVC_Handler             0x08001ae1    0x2  Code  Gb  stm32f0xx_it.o [1]
SysTick_Config          0x08000fbf   0x32  Code  Lc  stm32f0xx_hal_cortex.o [1]
SysTick_Handler         0x08001ae5    0x8  Code  Gb  stm32f0xx_it.o [1]
SystemClock_Config      0x08000def   0x52  Code  Gb  main.o [1]
SystemCoreClock         0x20000004    0x4  Data  Gb  system_stm32f0xx.o [1]
SystemInit              0x08001bf9    0x2  Code  Gb  system_stm32f0xx.o [1]
TxMailBox               0x20000470    0x4  Data  Gb  can.o [1]
TxMessage               0x20000454   0x18  Data  Gb  can.o [1]
__ICFEDIT_region_RAM_end__ {Abs}
                        0x200017ff         Data  Gb  command line/config [2]
__ICFEDIT_region_RAM_start__ {Abs}
                        0x20000000         Data  Gb  command line/config [2]
__NVIC_EnableIRQ        0x08000f25   0x16  Code  Lc  stm32f0xx_hal_cortex.o [1]
__NVIC_SetPriority      0x08000f3b   0x84  Code  Lc  stm32f0xx_hal_cortex.o [1]
__aeabi_idiv0           0x08001a05         Code  Gb  IntDivZer.o [4]
__aeabi_memclr4         0x08001089         Code  Gb  ABImemset.o [4]
__aeabi_memclr8         0x08001089         Code  Gb  ABImemset.o [4]
__aeabi_memcpy4         0x08001921         Code  Wk  ABImemcpy.o [4]
__aeabi_uidiv           0x08001955         Code  Gb  I32DivModFast.o [4]
__aeabi_uidivmod        0x08001955         Code  Gb  I32DivModFast.o [4]
__cmain                 0x08001b39         Code  Gb  cmain.o [4]
__exit                  0x08001b6d   0x14  Code  Gb  exit.o [5]
__iar_Memset4_word      0x08001059         Code  Gb  ABImemset.o [4]
__iar_copy_init3        0x08001a81   0x30  Code  Gb  copy_init3.o [4]
__iar_data_init3        0x08001ab1   0x28  Code  Gb  data_init.o [4]
__iar_program_start     0x08001bb1         Code  Gb  cstartup_M.o [4]
__iar_zero_init3        0x08001a45   0x3c  Code  Gb  zero_init3.o [4]
__low_level_init        0x08001b53    0x4  Code  Gb  low_level_init.o [3]
__vector_table          0x08000000         Data  Gb  startup_stm32f042x6.o [1]
_call_main              0x08001b45         Code  Gb  cmain.o [4]
_exit                   0x08001b61         Code  Gb  cexit.o [4]
_main                   0x08001b4f         Code  Gb  cmain.o [4]
check_flag              0x08000db9   0x12  Code  Gb  main.o [1]
exit                    0x08001b57    0x8  Code  Gb  exit.o [3]
flag                    0x2000046c    0x4  Data  Gb  can.o [1]
fnCan_Init              0x08000add   0x3a  Code  Gb  can.o [1]
fnCan_InitCan           0x08000a3b   0xa2  Code  Gb  can.o [1]
fnCan_TestTx            0x08000b41   0x40  Code  Gb  can.o [1]
main                    0x08000dcb   0x24  Code  Gb  main.o [1]
uwTick                  0x20000474    0x4  Data  Gb  stm32f0xx_hal.o [1]
uwTickFreq              0x20000008    0x1  Data  Gb  stm32f0xx_hal.o [1]
uwTickPrio              0x20000000    0x4  Data  Gb  stm32f0xx_hal.o [1]


[1] = C:\Users\subong\Desktop\can\TEST\TEST_SVMBOX\EWARM\TEST_SVMBOX\Obj
[2] = command line
[3] = dl6M_tlf.a
[4] = rt6M_tl.a
[5] = shb_l.a

  7 056 bytes of readonly  code memory
    106 bytes of readonly  data memory
  1 137 bytes of readwrite data memory

Errors: none
Warnings: none
